[W812 15:46:40.013876486 socket.cpp:207] [c10d] The hostname of the client socket cannot be retrieved. err=-3
stream1_mode=model
stream1_executor=libtorch_eager
runtime_ring_count=57
runtime_ring_slot_count=2
runtime_ring_slot_physical_jobs=114
runtime_ring_graph_execs_per_lane_requested=32
runtime_ring_graph_debug_sync=
stream1_backend=piece_transformer
stream1_transformer_micro=384
stream1_transformer_dims seq_len=57 d_model=256 nhead=8 head_dim=32 layers=4 ff_dim=1024 output_dim=24
stream1_transformer_block51=1 raw=1
stream1_transformer_final_cls_only=1 raw=1
stream1_transformer_final_cls_attention=0 raw=0
runtime_ring_slot_graph_windowed=0
runtime_ring_slot_graph_window_rings=57
runtime_ring_slot_graph_window_jobs=114
runtime_ring_slot_graph_physical_jobs=114
depth_start=0 frontier_size=1 depth_limit=10
depth_done=0 depth_sec=0.632382 ring_slot_jobs=1 stream3_jobs=1 stream4_jobs=8 stream4_slots_used=1 stream12_ms=434.887 stream12_max_ms=434.887 stream3_ring_ms=0.349152 stream3_ring_max_ms=0.349152 stream3_spill_drain_ms=0.034848 stream3_final_filter_ms=6.13802 stream3_final_materialize_ms=0.741376 stream3_reset_ms=0.192096 stream4_ms=97.4836 stream4_max_ms=12.2068 stream4_avg_ms=12.1855 stream5_ms=91.0366 stream4_pending_max=8 stream4_busy_max=1 global_spill_peak=0 threshold_updates_depth=1 final_threshold=4294967295 final_candidate_count=24 final_request_count=24 next_frontier_size=24 history_bytes_received=768 history_bytes_stored=384 history_bytes_stored_ram=0 history_bytes_stored_disk=0 history_bytes_pruned=0
throughput_probe depth=0 stream3_batch_ms=0.349152 stream3_candidates_per_sec=5.27908e+07 stream4_batch_ms=12.1855 stream4_candidates_per_sec=6.05049e+06 spill_peak=0 spill_capacity=0 spill_peak_ratio_ppm=0
depth_start=1 frontier_size=24 depth_limit=10
depth_done=1 depth_sec=0.109302 ring_slot_jobs=1 stream3_jobs=1 stream4_jobs=8 stream4_slots_used=1 stream12_ms=2.85286 stream12_max_ms=2.85286 stream3_ring_ms=0.17152 stream3_ring_max_ms=0.17152 stream3_spill_drain_ms=0.025952 stream3_final_filter_ms=6.05389 stream3_final_materialize_ms=0.018912 stream3_reset_ms=0.193376 stream4_ms=52.5754 stream4_max_ms=6.68288 stream4_avg_ms=6.57192 stream5_ms=46.0755 stream4_pending_max=8 stream4_busy_max=1 global_spill_peak=0 threshold_updates_depth=1 final_threshold=4294967295 final_candidate_count=469 final_request_count=469 next_frontier_size=469 history_bytes_received=15776 history_bytes_stored=7888 history_bytes_stored_ram=0 history_bytes_stored_disk=384 history_bytes_pruned=0
throughput_probe depth=1 stream3_batch_ms=0.17152 stream3_candidates_per_sec=1.07463e+08 stream4_batch_ms=6.57192 stream4_candidates_per_sec=1.12186e+07 spill_peak=0 spill_capacity=0 spill_peak_ratio_ppm=0
depth_start=2 frontier_size=469 depth_limit=10
depth_done=2 depth_sec=0.115316 ring_slot_jobs=2 stream3_jobs=1 stream4_jobs=8 stream4_slots_used=1 stream12_ms=14.6164 stream12_max_ms=14.6164 stream3_ring_ms=0.177472 stream3_ring_max_ms=0.177472 stream3_spill_drain_ms=0.024928 stream3_final_filter_ms=5.18381 stream3_final_materialize_ms=0.030176 stream3_reset_ms=0.198976 stream4_ms=52.142 stream4_max_ms=6.66624 stream4_avg_ms=6.51775 stream5_ms=41.7371 stream4_pending_max=8 stream4_busy_max=1 global_spill_peak=0 threshold_updates_depth=1 final_threshold=4294967295 final_candidate_count=9023 final_request_count=9023 next_frontier_size=9023 history_bytes_received=304512 history_bytes_stored=152256 history_bytes_stored_ram=0 history_bytes_stored_disk=7888 history_bytes_pruned=0
throughput_probe depth=2 stream3_batch_ms=0.177472 stream3_candidates_per_sec=1.03859e+08 stream4_batch_ms=6.51775 stream4_candidates_per_sec=1.13119e+07 spill_peak=0 spill_capacity=0 spill_peak_ratio_ppm=0
depth_start=3 frontier_size=9023 depth_limit=10
depth_done=3 depth_sec=0.397901 ring_slot_jobs=24 stream3_jobs=12 stream4_jobs=8 stream4_slots_used=1 stream12_ms=292.066 stream12_max_ms=25.9832 stream3_ring_ms=39.7008 stream3_ring_max_ms=4.01197 stream3_spill_drain_ms=0.038784 stream3_final_filter_ms=5.33786 stream3_final_materialize_ms=0.501952 stream3_reset_ms=0.20256 stream4_ms=51.658 stream4_max_ms=6.93658 stream4_avg_ms=6.45724 stream5_ms=46.6921 stream4_pending_max=8 stream4_busy_max=1 global_spill_peak=0 threshold_updates_depth=1 final_threshold=4294967295 final_candidate_count=173340 final_request_count=173340 next_frontier_size=173340 history_bytes_received=5851392 history_bytes_stored=2925696 history_bytes_stored_ram=0 history_bytes_stored_disk=152256 history_bytes_pruned=0
throughput_probe depth=3 stream3_batch_ms=3.3084 stream3_candidates_per_sec=5.57127e+06 stream4_batch_ms=6.45724 stream4_candidates_per_sec=1.14179e+07 spill_peak=0 spill_capacity=0 spill_peak_ratio_ppm=0
depth_start=4 frontier_size=173340 depth_limit=10
depth_done=4 depth_sec=6.13314 ring_slot_jobs=452 stream3_jobs=226 stream4_jobs=56 stream4_slots_used=1 stream12_ms=6014.94 stream12_max_ms=40.7328 stream3_ring_ms=1009.02 stream3_ring_max_ms=10.5328 stream3_spill_drain_ms=0.025504 stream3_final_filter_ms=7.65133 stream3_final_materialize_ms=12.8512 stream3_reset_ms=0.2048 stream4_ms=766.637 stream4_max_ms=15.9188 stream4_avg_ms=13.6899 stream5_ms=42.4798 stream4_pending_max=8 stream4_busy_max=1 global_spill_peak=0 threshold_updates_depth=1 final_threshold=4294967295 final_candidate_count=3626154 final_request_count=3626154 next_frontier_size=3626154 history_bytes_received=121888320 history_bytes_stored=60944160 history_bytes_stored_ram=0 history_bytes_stored_disk=2925696 history_bytes_pruned=0
throughput_probe depth=4 stream3_batch_ms=4.46471 stream3_candidates_per_sec=4.12838e+06 stream4_batch_ms=13.6899 stream4_candidates_per_sec=5.38556e+06 spill_peak=0 spill_capacity=0 spill_peak_ratio_ppm=0
depth_start=5 frontier_size=3626154 depth_limit=10
depth_done=5 depth_sec=131.143 ring_slot_jobs=9444 stream3_jobs=4722 stream4_jobs=328 stream4_slots_used=1 stream12_ms=131022 stream12_max_ms=38.2688 stream3_ring_ms=18666.2 stream3_ring_max_ms=9.33888 stream3_spill_drain_ms=0.03072 stream3_final_filter_ms=8.83091 stream3_final_materialize_ms=15.3231 stream3_reset_ms=0.21072 stream4_ms=5148.59 stream4_max_ms=20.0602 stream4_avg_ms=15.6969 stream5_ms=338.524 stream4_pending_max=8 stream4_busy_max=1 global_spill_peak=0 threshold_updates_depth=6 final_threshold=22016 final_candidate_count=4194304 final_request_count=4194304 next_frontier_size=4194304 history_bytes_received=256106048 history_bytes_stored=128053024 history_bytes_stored_ram=0 history_bytes_stored_disk=60944160 history_bytes_pruned=0
throughput_probe depth=5 stream3_batch_ms=3.95303 stream3_candidates_per_sec=4.66275e+06 stream4_batch_ms=15.6969 stream4_candidates_per_sec=4.69697e+06 spill_peak=0 spill_capacity=0 spill_peak_ratio_ppm=0
depth_start=6 frontier_size=4194304 depth_limit=10
depth_done=6 depth_sec=168.96 ring_slot_jobs=10923 stream3_jobs=5462 stream4_jobs=344 stream4_slots_used=1 stream12_ms=168839 stream12_max_ms=41.7017 stream3_ring_ms=22510.3 stream3_ring_max_ms=9.96275 stream3_spill_drain_ms=0.030784 stream3_final_filter_ms=8.55411 stream3_final_materialize_ms=15.3509 stream3_reset_ms=0.20432 stream4_ms=6146.12 stream4_max_ms=22.4044 stream4_avg_ms=17.8666 stream5_ms=323.185 stream4_pending_max=8 stream4_busy_max=1 global_spill_peak=0 threshold_updates_depth=6 final_threshold=19616 final_candidate_count=4194304 final_request_count=4194304 next_frontier_size=4194304 history_bytes_received=390323776 history_bytes_stored=195161888 history_bytes_stored_ram=0 history_bytes_stored_disk=128053024 history_bytes_pruned=0
throughput_probe depth=6 stream3_batch_ms=4.12126 stream3_candidates_per_sec=4.47242e+06 stream4_batch_ms=17.8666 stream4_candidates_per_sec=4.12657e+06 spill_peak=0 spill_capacity=0 spill_peak_ratio_ppm=0
depth_start=7 frontier_size=4194304 depth_limit=10
depth_done=7 depth_sec=176.428 ring_slot_jobs=10923 stream3_jobs=5462 stream4_jobs=344 stream4_slots_used=1 stream12_ms=176305 stream12_max_ms=43.8108 stream3_ring_ms=22963.8 stream3_ring_max_ms=11.0808 stream3_spill_drain_ms=0.02928 stream3_final_filter_ms=8.65645 stream3_final_materialize_ms=15.3949 stream3_reset_ms=0.208896 stream4_ms=6514.55 stream4_max_ms=22.6304 stream4_avg_ms=18.9376 stream5_ms=307.665 stream4_pending_max=8 stream4_busy_max=1 global_spill_peak=0 threshold_updates_depth=6 final_threshold=18224 final_candidate_count=4194304 final_request_count=4194304 next_frontier_size=4194304 history_bytes_received=524541504 history_bytes_stored=262270752 history_bytes_stored_ram=0 history_bytes_stored_disk=195161888 history_bytes_pruned=0
throughput_probe depth=7 stream3_batch_ms=4.20429 stream3_candidates_per_sec=4.38409e+06 stream4_batch_ms=18.9376 stream4_candidates_per_sec=3.8932e+06 spill_peak=0 spill_capacity=0 spill_peak_ratio_ppm=0
depth_start=8 frontier_size=4194304 depth_limit=10
depth_done=8 depth_sec=180.254 ring_slot_jobs=10923 stream3_jobs=5462 stream4_jobs=344 stream4_slots_used=1 stream12_ms=180133 stream12_max_ms=43.282 stream3_ring_ms=23224.3 stream3_ring_max_ms=10.922 stream3_spill_drain_ms=0.032768 stream3_final_filter_ms=8.66992 stream3_final_materialize_ms=15.4163 stream3_reset_ms=0.208096 stream4_ms=6625.2 stream4_max_ms=22.4456 stream4_avg_ms=19.2593 stream5_ms=346.303 stream4_pending_max=8 stream4_busy_max=1 global_spill_peak=0 threshold_updates_depth=6 final_threshold=17232 final_candidate_count=4194304 final_request_count=4194304 next_frontier_size=4194304 history_bytes_received=658759232 history_bytes_stored=329379616 history_bytes_stored_ram=0 history_bytes_stored_disk=262270752 history_bytes_pruned=0
throughput_probe depth=8 stream3_batch_ms=4.25197 stream3_candidates_per_sec=4.33493e+06 stream4_batch_ms=19.2593 stream4_candidates_per_sec=3.82817e+06 spill_peak=0 spill_capacity=0 spill_peak_ratio_ppm=0
depth_start=9 frontier_size=4194304 depth_limit=10
depth_done=9 depth_sec=181.282 ring_slot_jobs=10923 stream3_jobs=5462 stream4_jobs=344 stream4_slots_used=1 stream12_ms=181157 stream12_max_ms=44.2804 stream3_ring_ms=23208 stream3_ring_max_ms=11.5082 stream3_spill_drain_ms=0.029024 stream3_final_filter_ms=8.74883 stream3_final_materialize_ms=15.3866 stream3_reset_ms=0.20944 stream4_ms=6727.7 stream4_max_ms=22.6161 stream4_avg_ms=19.5573 stream5_ms=339.21 stream4_pending_max=8 stream4_busy_max=1 global_spill_peak=0 threshold_updates_depth=6 final_threshold=16376 final_candidate_count=4194304 final_request_count=4194304 next_frontier_size=4194304 history_bytes_received=792976960 history_bytes_stored=396488480 history_bytes_stored_ram=0 history_bytes_stored_disk=329379616 history_bytes_pruned=0
throughput_probe depth=9 stream3_batch_ms=4.249 stream3_candidates_per_sec=4.33796e+06 stream4_batch_ms=19.5573 stream4_candidates_per_sec=3.76985e+06 spill_peak=0 spill_capacity=0 spill_peak_ratio_ppm=0
puzzle_solved=0 puzzle_id=0 seconds=845.612 solution_length=-1 solution=
