stream1_mode=model
stream1_executor=native_cuda_graph
runtime_ring_count=1230
runtime_ring_slot_count=12
runtime_ring_slot_physical_jobs=14760
runtime_ring_graph_execs_per_lane_requested=32
runtime_ring_graph_debug_sync=
stream1_backend=piece_transformer
stream1_transformer_micro=192
stream1_transformer_dims seq_len=57 d_model=256 nhead=8 head_dim=32 layers=4 ff_dim=1024 output_dim=24
stream1_transformer_block51=0 raw=
stream1_transformer_final_cls_only=1 raw=1
stream1_transformer_final_cls_attention=1 raw=1
stream1_transformer_fused_input_layernorm=1 raw=1
runtime_ring_slot_graph_windowed=1
runtime_ring_slot_graph_window_rings=32
runtime_ring_slot_graph_window_jobs=384
runtime_ring_slot_graph_physical_jobs=14760
depth_start=0 frontier_size=0 depth_limit=50
depth_done=0 depth_sec=9.36571 ring_slot_jobs=0 stream3_jobs=0 stream4_jobs=6 stream4_slots_used=4 threshold_updates_depth=0 final_threshold=4294967295 final_candidate_count=3 final_request_count=0 next_frontier_size=3 history_bytes_received=96 history_bytes_stored=48 history_bytes_stored_ram=0 history_bytes_stored_disk=0 history_bytes_pruned=0
depth_start=1 frontier_size=3 depth_limit=50
depth_done=1 depth_sec=0.939341 ring_slot_jobs=1 stream3_jobs=1 stream4_jobs=35 stream4_slots_used=4 threshold_updates_depth=0 final_threshold=4294967295 final_candidate_count=59 final_request_count=55 next_frontier_size=59 history_bytes_received=1984 history_bytes_stored=992 history_bytes_stored_ram=0 history_bytes_stored_disk=48 history_bytes_pruned=0
depth_start=2 frontier_size=59 depth_limit=50
depth_done=2 depth_sec=1.09468 ring_slot_jobs=1 stream3_jobs=1 stream4_jobs=64 stream4_slots_used=4 threshold_updates_depth=0 final_threshold=4294967295 final_candidate_count=1128 final_request_count=1140 next_frontier_size=1128 history_bytes_received=38080 history_bytes_stored=19040 history_bytes_stored_ram=0 history_bytes_stored_disk=992 history_bytes_pruned=0
depth_start=3 frontier_size=1128 depth_limit=50
depth_done=3 depth_sec=1.09849 ring_slot_jobs=6 stream3_jobs=1 stream4_jobs=64 stream4_slots_used=4 threshold_updates_depth=0 final_threshold=4294967295 final_candidate_count=21672 final_request_count=21641 next_frontier_size=21672 history_bytes_received=731584 history_bytes_stored=365792 history_bytes_stored_ram=0 history_bytes_stored_disk=19040 history_bytes_pruned=0
depth_start=4 frontier_size=21672 depth_limit=50
depth_done=4 depth_sec=1.14947 ring_slot_jobs=113 stream3_jobs=10 stream4_jobs=64 stream4_slots_used=4 threshold_updates_depth=0 final_threshold=4294967295 final_candidate_count=415729 final_request_count=416338 next_frontier_size=415729 history_bytes_received=14034912 history_bytes_stored=7017456 history_bytes_stored_ram=0 history_bytes_stored_disk=365792 history_bytes_pruned=0
depth_start=5 frontier_size=415729 depth_limit=50
depth_done=5 depth_sec=2.21599 ring_slot_jobs=2166 stream3_jobs=181 stream4_jobs=64 stream4_slots_used=4 threshold_updates_depth=0 final_threshold=4294967295 final_candidate_count=7965987 final_request_count=7965251 next_frontier_size=7965987 history_bytes_received=268946496 history_bytes_stored=134473248 history_bytes_stored_ram=0 history_bytes_stored_disk=7017456 history_bytes_pruned=0
depth_start=6 frontier_size=7965987 depth_limit=50
depth_done=6 depth_sec=22.739 ring_slot_jobs=41490 stream3_jobs=3458 stream4_jobs=192 stream4_slots_used=4 threshold_updates_depth=2 final_threshold=4294967295 final_candidate_count=165361435 final_request_count=165358326 next_frontier_size=165361435 history_bytes_received=5560512416 history_bytes_stored=2780256208 history_bytes_stored_ram=0 history_bytes_stored_disk=134473248 history_bytes_pruned=0
depth_start=7 frontier_size=165361435 depth_limit=50
depth_done=7 depth_sec=434.35 ring_slot_jobs=861258 stream3_jobs=71772 stream4_jobs=1472 stream4_slots_used=4 threshold_updates_depth=12 final_threshold=29492 final_candidate_count=362545152 final_request_count=362503212 next_frontier_size=362545152 history_bytes_received=17161957280 history_bytes_stored=8580978640 history_bytes_stored_ram=0 history_bytes_stored_disk=134473248 history_bytes_pruned=0
depth_start=8 frontier_size=362545152 depth_limit=50
depth_done=8 depth_sec=931.266 ring_slot_jobs=1888256 stream3_jobs=157355 stream4_jobs=1792 stream4_slots_used=4 threshold_updates_depth=14 final_threshold=25699 final_candidate_count=362545152 final_request_count=363179952 next_frontier_size=362545152 history_bytes_received=28763402144 history_bytes_stored=14381701072 history_bytes_stored_ram=0 history_bytes_stored_disk=2780256208 history_bytes_pruned=0
depth_start=9 frontier_size=362545152 depth_limit=50
