stream1_mode=model
stream1_executor=native_cuda_graph
runtime_ring_count=1230
runtime_ring_slot_count=12
runtime_ring_slot_physical_jobs=14760
runtime_ring_graph_execs_per_lane_requested=32
runtime_ring_graph_debug_sync=
stream1_backend=piece_transformer
stream1_transformer_micro=192
stream1_transformer_dims seq_len=57 d_model=256 nhead=8 head_dim=32 layers=4 ff_dim=1024 output_dim=24
stream1_transformer_block51=0 raw=
stream1_transformer_final_cls_only=1 raw=1
stream1_transformer_final_cls_attention=1 raw=1
stream1_transformer_fused_input_layernorm=1 raw=1
runtime_ring_slot_graph_windowed=1
runtime_ring_slot_graph_window_rings=32
runtime_ring_slot_graph_window_jobs=384
runtime_ring_slot_graph_physical_jobs=14760
depth_start=0 frontier_size=0 depth_limit=50
depth_done=0 depth_sec=7.94259 ring_slot_jobs=0 stream3_jobs=0 stream4_jobs=2 stream4_slots_used=2 threshold_updates_depth=0 final_threshold=4294967295 final_candidate_count=3 final_request_count=0 next_frontier_size=3 history_bytes_received=96 history_bytes_stored=48 history_bytes_stored_ram=0 history_bytes_stored_disk=0 history_bytes_pruned=0
depth_start=1 frontier_size=3 depth_limit=50
depth_done=1 depth_sec=0.939362 ring_slot_jobs=1 stream3_jobs=1 stream4_jobs=40 stream4_slots_used=4 threshold_updates_depth=0 final_threshold=4294967295 final_candidate_count=58 final_request_count=58 next_frontier_size=58 history_bytes_received=1952 history_bytes_stored=976 history_bytes_stored_ram=0 history_bytes_stored_disk=48 history_bytes_pruned=0
depth_start=2 frontier_size=58 depth_limit=50
depth_done=2 depth_sec=1.09469 ring_slot_jobs=1 stream3_jobs=1 stream4_jobs=64 stream4_slots_used=4 threshold_updates_depth=0 final_threshold=4294967295 final_candidate_count=1128 final_request_count=1129 next_frontier_size=1128 history_bytes_received=38048 history_bytes_stored=19024 history_bytes_stored_ram=0 history_bytes_stored_disk=976 history_bytes_pruned=0
depth_start=3 frontier_size=1128 depth_limit=50
depth_done=3 depth_sec=1.09848 ring_slot_jobs=6 stream3_jobs=1 stream4_jobs=64 stream4_slots_used=4 threshold_updates_depth=0 final_threshold=4294967295 final_candidate_count=21672 final_request_count=21689 next_frontier_size=21672 history_bytes_received=731552 history_bytes_stored=365776 history_bytes_stored_ram=0 history_bytes_stored_disk=19024 history_bytes_pruned=0
depth_start=4 frontier_size=21672 depth_limit=50
depth_done=4 depth_sec=1.14946 ring_slot_jobs=113 stream3_jobs=10 stream4_jobs=64 stream4_slots_used=4 threshold_updates_depth=0 final_threshold=4294967295 final_candidate_count=415728 final_request_count=416105 next_frontier_size=415728 history_bytes_received=14034848 history_bytes_stored=7017424 history_bytes_stored_ram=0 history_bytes_stored_disk=365776 history_bytes_pruned=0
depth_start=5 frontier_size=415728 depth_limit=50
depth_done=5 depth_sec=2.2161 ring_slot_jobs=2166 stream3_jobs=181 stream4_jobs=64 stream4_slots_used=4 threshold_updates_depth=0 final_threshold=4294967295 final_candidate_count=7965986 final_request_count=7966961 next_frontier_size=7965986 history_bytes_received=268946400 history_bytes_stored=134473200 history_bytes_stored_ram=0 history_bytes_stored_disk=7017424 history_bytes_pruned=0
depth_start=6 frontier_size=7965986 depth_limit=50
depth_done=6 depth_sec=22.7389 ring_slot_jobs=41490 stream3_jobs=3458 stream4_jobs=192 stream4_slots_used=4 threshold_updates_depth=2 final_threshold=4294967295 final_candidate_count=165361435 final_request_count=165360216 next_frontier_size=165361435 history_bytes_received=5560512320 history_bytes_stored=2780256160 history_bytes_stored_ram=0 history_bytes_stored_disk=134473200 history_bytes_pruned=0
depth_start=7 frontier_size=165361435 depth_limit=50
depth_done=7 depth_sec=434.35 ring_slot_jobs=861258 stream3_jobs=71772 stream4_jobs=1472 stream4_slots_used=4 threshold_updates_depth=12 final_threshold=29492 final_candidate_count=362545152 final_request_count=362575776 next_frontier_size=362545152 history_bytes_received=17161957184 history_bytes_stored=8580978592 history_bytes_stored_ram=0 history_bytes_stored_disk=134473200 history_bytes_pruned=0
depth_start=8 frontier_size=362545152 depth_limit=50
depth_done=8 depth_sec=931.265 ring_slot_jobs=1888256 stream3_jobs=157355 stream4_jobs=1792 stream4_slots_used=4 threshold_updates_depth=14 final_threshold=25699 final_candidate_count=362545152 final_request_count=359651498 next_frontier_size=362545152 history_bytes_received=28763402048 history_bytes_stored=14381701024 history_bytes_stored_ram=0 history_bytes_stored_disk=2780256160 history_bytes_pruned=0
depth_start=9 frontier_size=362545152 depth_limit=50
