[W812 15:49:13.639958004 socket.cpp:200] [c10d] The hostname of the client socket cannot be retrieved. err=-3
[W812 15:49:13.641038891 socket.cpp:200] [c10d] The hostname of the client socket cannot be retrieved. err=-3
stream1_mode=model
stream1_executor=libtorch_eager
runtime_ring_count=57
runtime_ring_slot_count=2
runtime_ring_slot_physical_jobs=114
runtime_ring_graph_execs_per_lane_requested=32
runtime_ring_graph_debug_sync=
stream1_backend=piece_transformer
stream1_transformer_micro=384
stream1_transformer_dims seq_len=57 d_model=256 nhead=8 head_dim=32 layers=4 ff_dim=1024 output_dim=24
stream1_transformer_block51=1 raw=1
stream1_transformer_final_cls_only=1 raw=1
stream1_transformer_final_cls_attention=0 raw=0
runtime_ring_slot_graph_windowed=0
runtime_ring_slot_graph_window_rings=57
runtime_ring_slot_graph_window_jobs=114
runtime_ring_slot_graph_physical_jobs=114
depth_start=0 frontier_size=1 depth_limit=10
depth_done=0 depth_sec=0.322138 ring_slot_jobs=1 stream3_jobs=1 stream4_jobs=8 stream4_slots_used=1 stream12_ms=206.718 stream12_max_ms=206.718 stream3_ring_ms=0.355776 stream3_ring_max_ms=0.355776 stream3_spill_drain_ms=0.039776 stream3_final_filter_ms=11.2472 stream3_final_materialize_ms=0.7352 stream3_reset_ms=0.11488 stream4_ms=33.1122 stream4_max_ms=4.15437 stream4_avg_ms=4.13903 stream5_ms=68.2794 stream4_pending_max=8 stream4_busy_max=1 global_spill_peak=0 threshold_updates_depth=1 final_threshold=4294967295 final_candidate_count=24 final_request_count=24 next_frontier_size=24 history_bytes_received=768 history_bytes_stored=384 history_bytes_stored_ram=0 history_bytes_stored_disk=0 history_bytes_pruned=0
throughput_probe depth=0 stream3_batch_ms=0.355776 stream3_candidates_per_sec=5.18079e+07 stream4_batch_ms=4.13903 stream4_candidates_per_sec=1.78129e+07 spill_peak=0 spill_capacity=0 spill_peak_ratio_ppm=0
depth_start=1 frontier_size=24 depth_limit=10
depth_done=1 depth_sec=0.1112 ring_slot_jobs=1 stream3_jobs=1 stream4_jobs=8 stream4_slots_used=1 stream12_ms=3.81008 stream12_max_ms=3.81008 stream3_ring_ms=0.289216 stream3_ring_max_ms=0.289216 stream3_spill_drain_ms=0.037504 stream3_final_filter_ms=10.8104 stream3_final_materialize_ms=0.031072 stream3_reset_ms=0.110272 stream4_ms=30.4281 stream4_max_ms=4.11098 stream4_avg_ms=3.80351 stream5_ms=64.0572 stream4_pending_max=8 stream4_busy_max=1 global_spill_peak=0 threshold_updates_depth=1 final_threshold=4294967295 final_candidate_count=469 final_request_count=469 next_frontier_size=469 history_bytes_received=15776 history_bytes_stored=7888 history_bytes_stored_ram=0 history_bytes_stored_disk=384 history_bytes_pruned=0
throughput_probe depth=1 stream3_batch_ms=0.289216 stream3_candidates_per_sec=6.37309e+07 stream4_batch_ms=3.80351 stream4_candidates_per_sec=1.93842e+07 spill_peak=0 spill_capacity=0 spill_peak_ratio_ppm=0
depth_start=2 frontier_size=469 depth_limit=10
depth_done=2 depth_sec=0.13858 ring_slot_jobs=2 stream3_jobs=1 stream4_jobs=8 stream4_slots_used=1 stream12_ms=34.5949 stream12_max_ms=34.5949 stream3_ring_ms=0.280064 stream3_ring_max_ms=0.280064 stream3_spill_drain_ms=0.0384 stream3_final_filter_ms=10.4756 stream3_final_materialize_ms=0.041312 stream3_reset_ms=0.112608 stream4_ms=29.8116 stream4_max_ms=3.79498 stream4_avg_ms=3.72644 stream5_ms=61.5682 stream4_pending_max=8 stream4_busy_max=1 global_spill_peak=0 threshold_updates_depth=1 final_threshold=4294967295 final_candidate_count=9023 final_request_count=9023 next_frontier_size=9023 history_bytes_received=304512 history_bytes_stored=152256 history_bytes_stored_ram=0 history_bytes_stored_disk=7888 history_bytes_pruned=0
throughput_probe depth=2 stream3_batch_ms=0.280064 stream3_candidates_per_sec=6.58135e+07 stream4_batch_ms=3.72644 stream4_candidates_per_sec=1.97851e+07 spill_peak=0 spill_capacity=0 spill_peak_ratio_ppm=0
depth_start=3 frontier_size=9023 depth_limit=10
depth_done=3 depth_sec=0.748008 ring_slot_jobs=24 stream3_jobs=12 stream4_jobs=8 stream4_slots_used=1 stream12_ms=644.057 stream12_max_ms=55.1809 stream3_ring_ms=27.6625 stream3_ring_max_ms=6.2895 stream3_spill_drain_ms=0.028224 stream3_final_filter_ms=10.4858 stream3_final_materialize_ms=0.390112 stream3_reset_ms=0.12128 stream4_ms=29.7898 stream4_max_ms=3.77488 stream4_avg_ms=3.72372 stream5_ms=61.5802 stream4_pending_max=8 stream4_busy_max=1 global_spill_peak=0 threshold_updates_depth=1 final_threshold=4294967295 final_candidate_count=173340 final_request_count=173340 next_frontier_size=173340 history_bytes_received=5851392 history_bytes_stored=2925696 history_bytes_stored_ram=0 history_bytes_stored_disk=152256 history_bytes_pruned=0
throughput_probe depth=3 stream3_batch_ms=2.30521 stream3_candidates_per_sec=7.99581e+06 stream4_batch_ms=3.72372 stream4_candidates_per_sec=1.97995e+07 spill_peak=0 spill_capacity=0 spill_peak_ratio_ppm=0
depth_start=4 frontier_size=173340 depth_limit=10
depth_done=4 depth_sec=12.5898 ring_slot_jobs=452 stream3_jobs=226 stream4_jobs=56 stream4_slots_used=1 stream12_ms=12475.1 stream12_max_ms=63.4736 stream3_ring_ms=755.7 stream3_ring_max_ms=11.9691 stream3_spill_drain_ms=0.032512 stream3_final_filter_ms=11.2675 stream3_final_materialize_ms=8.6688 stream3_reset_ms=0.189824 stream4_ms=1033.95 stream4_max_ms=22.3836 stream4_avg_ms=18.4634 stream5_ms=61.5771 stream4_pending_max=8 stream4_busy_max=1 global_spill_peak=0 threshold_updates_depth=1 final_threshold=4294967295 final_candidate_count=3626154 final_request_count=3626154 next_frontier_size=3626154 history_bytes_received=121888320 history_bytes_stored=60944160 history_bytes_stored_ram=0 history_bytes_stored_disk=2925696 history_bytes_pruned=0
throughput_probe depth=4 stream3_batch_ms=3.34381 stream3_candidates_per_sec=5.51228e+06 stream4_batch_ms=18.4634 stream4_candidates_per_sec=3.9932e+06 spill_peak=0 spill_capacity=0 spill_peak_ratio_ppm=0
depth_start=5 frontier_size=3626154 depth_limit=10
depth_done=5 depth_sec=259.421 ring_slot_jobs=9444 stream3_jobs=4722 stream4_jobs=328 stream4_slots_used=1 stream12_ms=259326 stream12_max_ms=57.638 stream3_ring_ms=11787.4 stream3_ring_max_ms=6.87693 stream3_spill_drain_ms=0.03216 stream3_final_filter_ms=11.4209 stream3_final_materialize_ms=10.5993 stream3_reset_ms=0.11488 stream4_ms=6950.4 stream4_max_ms=25.1894 stream4_avg_ms=21.1903 stream5_ms=374.621 stream4_pending_max=8 stream4_busy_max=1 global_spill_peak=0 threshold_updates_depth=6 final_threshold=22016 final_candidate_count=4194304 final_request_count=4194304 next_frontier_size=4194304 history_bytes_received=256106048 history_bytes_stored=128053024 history_bytes_stored_ram=0 history_bytes_stored_disk=60944160 history_bytes_pruned=0
throughput_probe depth=5 stream3_batch_ms=2.49628 stream3_candidates_per_sec=7.38379e+06 stream4_batch_ms=21.1903 stream4_candidates_per_sec=3.47934e+06 spill_peak=0 spill_capacity=0 spill_peak_ratio_ppm=0
depth_start=6 frontier_size=4194304 depth_limit=10
depth_done=6 depth_sec=300.376 ring_slot_jobs=10923 stream3_jobs=5462 stream4_jobs=344 stream4_slots_used=1 stream12_ms=300280 stream12_max_ms=57.6884 stream3_ring_ms=13448.4 stream3_ring_max_ms=6.34 stream3_spill_drain_ms=0.033664 stream3_final_filter_ms=11.3988 stream3_final_materialize_ms=10.5947 stream3_reset_ms=0.116032 stream4_ms=7329.05 stream4_max_ms=23.9097 stream4_avg_ms=21.3054 stream5_ms=377.791 stream4_pending_max=8 stream4_busy_max=1 global_spill_peak=0 threshold_updates_depth=6 final_threshold=19616 final_candidate_count=4194304 final_request_count=4194304 next_frontier_size=4194304 history_bytes_received=390323776 history_bytes_stored=195161888 history_bytes_stored_ram=0 history_bytes_stored_disk=128053024 history_bytes_pruned=0
throughput_probe depth=6 stream3_batch_ms=2.46217 stream3_candidates_per_sec=7.48609e+06 stream4_batch_ms=21.3054 stream4_candidates_per_sec=3.46054e+06 spill_peak=0 spill_capacity=0 spill_peak_ratio_ppm=0
depth_start=7 frontier_size=4194304 depth_limit=10
depth_done=7 depth_sec=300.951 ring_slot_jobs=10923 stream3_jobs=5462 stream4_jobs=344 stream4_slots_used=1 stream12_ms=300855 stream12_max_ms=57.7722 stream3_ring_ms=13590 stream3_ring_max_ms=6.65363 stream3_spill_drain_ms=0.032448 stream3_final_filter_ms=11.416 stream3_final_materialize_ms=10.5731 stream3_reset_ms=0.114688 stream4_ms=7287.73 stream4_max_ms=26.3897 stream4_avg_ms=21.1853 stream5_ms=371.719 stream4_pending_max=8 stream4_busy_max=1 global_spill_peak=0 threshold_updates_depth=6 final_threshold=18224 final_candidate_count=4194304 final_request_count=4194304 next_frontier_size=4194304 history_bytes_received=524541504 history_bytes_stored=262270752 history_bytes_stored_ram=0 history_bytes_stored_disk=195161888 history_bytes_pruned=0
throughput_probe depth=7 stream3_batch_ms=2.48811 stream3_candidates_per_sec=7.40804e+06 stream4_batch_ms=21.1853 stream4_candidates_per_sec=3.48016e+06 spill_peak=0 spill_capacity=0 spill_peak_ratio_ppm=0
depth_start=8 frontier_size=4194304 depth_limit=10
depth_done=8 depth_sec=301.602 ring_slot_jobs=10923 stream3_jobs=5462 stream4_jobs=344 stream4_slots_used=1 stream12_ms=301506 stream12_max_ms=57.9027 stream3_ring_ms=13623 stream3_ring_max_ms=6.61376 stream3_spill_drain_ms=0.0304 stream3_final_filter_ms=11.4359 stream3_final_materialize_ms=10.6137 stream3_reset_ms=0.121664 stream4_ms=7355.91 stream4_max_ms=25.6295 stream4_avg_ms=21.3835 stream5_ms=373.067 stream4_pending_max=8 stream4_busy_max=1 global_spill_peak=0 threshold_updates_depth=6 final_threshold=17232 final_candidate_count=4194304 final_request_count=4194304 next_frontier_size=4194304 history_bytes_received=658759232 history_bytes_stored=329379616 history_bytes_stored_ram=0 history_bytes_stored_disk=262270752 history_bytes_pruned=0
throughput_probe depth=8 stream3_batch_ms=2.49415 stream3_candidates_per_sec=7.39009e+06 stream4_batch_ms=21.3835 stream4_candidates_per_sec=3.4479e+06 spill_peak=0 spill_capacity=0 spill_peak_ratio_ppm=0
depth_start=9 frontier_size=4194304 depth_limit=10
depth_done=9 depth_sec=301.955 ring_slot_jobs=10923 stream3_jobs=5462 stream4_jobs=344 stream4_slots_used=1 stream12_ms=301859 stream12_max_ms=57.9359 stream3_ring_ms=13682.2 stream3_ring_max_ms=8.39181 stream3_spill_drain_ms=0.030112 stream3_final_filter_ms=11.4037 stream3_final_materialize_ms=10.6102 stream3_reset_ms=0.11648 stream4_ms=7307.02 stream4_max_ms=23.1163 stream4_avg_ms=21.2413 stream5_ms=375.209 stream4_pending_max=8 stream4_busy_max=1 global_spill_peak=0 threshold_updates_depth=6 final_threshold=16376 final_candidate_count=4194304 final_request_count=4194304 next_frontier_size=4194304 history_bytes_received=792976960 history_bytes_stored=396488480 history_bytes_stored_ram=0 history_bytes_stored_disk=329379616 history_bytes_pruned=0
throughput_probe depth=9 stream3_batch_ms=2.50499 stream3_candidates_per_sec=7.35812e+06 stream4_batch_ms=21.2413 stream4_candidates_per_sec=3.47097e+06 spill_peak=0 spill_capacity=0 spill_peak_ratio_ppm=0
puzzle_solved=0 puzzle_id=0 seconds=1478.38 solution_length=-1 solution=
