[{"stream_name":"stdout","time":4.776994489,"data":"     ━━━━━━━━━━━━━━━━━━━━━━━━━━━━━━━━━━━━━━━ 23.7/23.7 MB 189.8 MB/s eta 0:00:00\n"}
,{"stream_name":"stdout","time":4.946475281,"data":"     ━━━━━━━━━━━━━━━━━━━━━━━━━━━━━━━━━━━━━ 897.7/897.7 kB 244.4 MB/s eta 0:00:00\n"}
,{"stream_name":"stdout","time":5.09398493,"data":"     ━━━━━━━━━━━━━━━━━━━━━━━━━━━━━━━━━━━━━━━━ 8.9/8.9 MB 166.3 MB/s eta 0:00:00\n"}
,{"stream_name":"stdout","time":8.505648457,"data":"     ━━━━━━━━━━━━━━━━━━━━━━━━━━━━━━━━━━━━━━ 571.0/571.0 MB 71.4 MB/s eta 0:00:00\n"}
,{"stream_name":"stdout","time":12.285464037,"data":"     ━━━━━━━━━━━━━━━━━━━━━━━━━━━━━━━━━━━━━━ 393.1/393.1 MB 83.0 MB/s eta 0:00:00\n"}
,{"stream_name":"stdout","time":14.571476962,"data":"     ━━━━━━━━━━━━━━━━━━━━━━━━━━━━━━━━━━━━━ 200.2/200.2 MB 116.1 MB/s eta 0:00:00\n"}
,{"stream_name":"stdout","time":15.54620251,"data":"     ━━━━━━━━━━━━━━━━━━━━━━━━━━━━━━━━━━━━━━━ 56.3/56.3 MB 182.9 MB/s eta 0:00:00\n"}
,{"stream_name":"stdout","time":16.451106863,"data":"     ━━━━━━━━━━━━━━━━━━━━━━━━━━━━━━━━━━━━━ 158.2/158.2 MB 149.2 MB/s eta 0:00:00\n"}
,{"stream_name":"stdout","time":17.929255204,"data":"     ━━━━━━━━━━━━━━━━━━━━━━━━━━━━━━━━━━━━━ 216.6/216.6 MB 135.4 MB/s eta 0:00:00\n"}
,{"stream_name":"stdout","time":19.334689557,"data":"     ━━━━━━━━━━━━━━━━━━━━━━━━━━━━━━━━━━━━━ 156.8/156.8 MB 150.1 MB/s eta 0:00:00\n"}
,{"stream_name":"stdout","time":20.801271459,"data":"     ━━━━━━━━━━━━━━━━━━━━━━━━━━━━━━━━━━━━━ 201.3/201.3 MB 118.1 MB/s eta 0:00:00\n"}
,{"stream_name":"stdout","time":21.523400706,"data":"     ━━━━━━━━━━━━━━━━━━━━━━━━━━━━━━━━━━━━━━━ 89.3/89.3 kB 114.7 MB/s eta 0:00:00\n"}
,{"stream_name":"stdout","time":21.717018028,"data":"     ━━━━━━━━━━━━━━━━━━━━━━━━━━━━━━━━━━━━━━━ 19.7/19.7 MB 203.0 MB/s eta 0:00:00\n"}
,{"stream_name":"stdout","time":21.866626091,"data":"     ━━━━━━━━━━━━━━━━━━━━━━━━━━━━━━━━━━━━━━━━ 1.1/1.1 MB 205.4 MB/s eta 0:00:00\n"}
,{"stream_name":"stdout","time":37.811110586,"data":"   ━━━━━━━━━━━━━━━━━━━━━━━━━━━━━━━━━━━━━━━ 822.0/822.0 MB 969.8 kB/s eta 0:00:00\n"}
,{"stream_name":"stdout","time":40.031621087,"data":"   ━━━━━━━━━━━━━━━━━━━━━━━━━━━━━━━━━━━━━━━━ 155.7/155.7 MB 6.3 MB/s eta 0:00:00\n"}
,{"stream_name":"stdout","time":40.09652881,"data":"   ━━━━━━━━━━━━━━━━━━━━━━━━━━━━━━━━━━━━━━━━ 1.3/1.3 MB 26.0 MB/s eta 0:00:00\n"}
,{"stream_name":"stdout","time":40.224892447,"data":"   ━━━━━━━━━━━━━━━━━━━━━━━━━━━━━━━━━━━━━━━━ 6.3/6.3 MB 56.2 MB/s eta 0:00:00\n"}
,{"stream_name":"stdout","time":40.251138911,"data":"   ━━━━━━━━━━━━━━━━━━━━━━━━━━━━━━━━━━━━━━━━ 44.6/44.6 kB 3.5 MB/s eta 0:00:00\n"}
,{"stream_name":"stdout","time":40.302990573,"data":"   ━━━━━━━━━━━━━━━━━━━━━━━━━━━━━━━━━━━━━━━━ 203.4/203.4 kB 16.8 MB/s eta 0:00:00\n"}
,{"stream_name":"stdout","time":40.329113719,"data":"   ━━━━━━━━━━━━━━━━━━━━━━━━━━━━━━━━━━━━━━━━ 134.9/134.9 kB 12.0 MB/s eta 0:00:00\n"}
,{"stream_name":"stdout","time":40.386136273,"data":"   ━━━━━━━━━━━━━━━━━━━━━━━━━━━━━━━━━━━━━━━━ 2.1/2.1 MB 49.2 MB/s eta 0:00:00\n"}
,{"stream_name":"stdout","time":40.437824923,"data":"   ━━━━━━━━━━━━━━━━━━━━━━━━━━━━━━━━━━━━━━━━ 536.2/536.2 kB 38.2 MB/s eta 0:00:00\n"}
,{"stream_name":"stderr","time":169.595993937,"data":"ERROR: pip's dependency resolver does not currently take into account all the packages that are installed. This behaviour is the source of the following dependency conflicts.\n"}
,{"stream_name":"stderr","time":169.596057187,"data":"bigframes 2.39.0 requires google-cloud-bigquery-storage\u003c3.0.0,\u003e=2.30.0, which is not installed.\n"}
,{"stream_name":"stderr","time":169.596065247,"data":"google-adk 1.29.0 requires google-cloud-bigquery-storage\u003e=2.0.0, which is not installed.\n"}
,{"stream_name":"stderr","time":169.596070272,"data":"google-colab 1.0.0 requires jupyter-server==2.14.0, but you have jupyter-server 2.12.5 which is incompatible.\n"}
,{"stream_name":"stderr","time":169.59607494,"data":"google-colab 1.0.0 requires pandas==2.2.2, but you have pandas 2.3.3 which is incompatible.\n"}
,{"stream_name":"stderr","time":169.59607955,"data":"dopamine-rl 4.1.2 requires gym\u003c=0.25.2, but you have gym 0.26.2 which is incompatible.\n"}
,{"stream_name":"stderr","time":169.596086025,"data":"torchaudio 2.10.0+cu128 requires torch==2.10.0, but you have torch 2.7.1+cu126 which is incompatible.\n"}
,{"stream_name":"stderr","time":169.596094062,"data":"torchvision 0.25.0+cu128 requires torch==2.10.0, but you have torch 2.7.1+cu126 which is incompatible.\n"}
,{"stream_name":"stderr","time":169.596097165,"data":"gcsfs 2025.3.0 requires fsspec==2025.3.0, but you have fsspec 2026.4.0 which is incompatible.\n"}
,{"stream_name":"stdout","time":183.800513904,"data":"Downloading `large` ━━━━━━━━━━━━━━━━━━━━━━━━━━━━━━━━━━━━━━━━ 100% 0:00:00\n"}
,{"stream_name":"stdout","time":586.995337229,"data":"{\"beam_width\": 786432, \"status\": \"completed\", \"solver_wall_s\": 400.39637416899996, \"process_wall_s\": 400.41938929, \"num_nodes\": 10124136, \"solution_lengths\": [17], \"peak_allocated_bytes\": 2087037440, \"peak_reserved_bytes\": 3141533696}\n"}
,{"stream_name":"stdout","time":1112.517591509,"data":"{\"beam_width\": 1048576, \"status\": \"completed\", \"solver_wall_s\": 519.7036092619999, \"process_wall_s\": 519.7440457389998, \"num_nodes\": 13269864, \"solution_lengths\": [17], \"peak_allocated_bytes\": 2299636224, \"peak_reserved_bytes\": 7929331712}\n"}
,{"stream_name":"stdout","time":1761.593327205,"data":"{\"beam_width\": 1310720, \"status\": \"completed\", \"solver_wall_s\": 643.3660794130001, \"process_wall_s\": 643.4156309600003, \"num_nodes\": 16415592, \"solution_lengths\": [17], \"peak_allocated_bytes\": 2394770432, \"peak_reserved_bytes\": 6295650304}\n"}
,{"stream_name":"stdout","time":2536.280224816,"data":"{\"beam_width\": 1572864, \"status\": \"completed\", \"solver_wall_s\": 768.622639147, \"process_wall_s\": 768.6926694979998, \"num_nodes\": 19561320, \"solution_lengths\": [17], \"peak_allocated_bytes\": 2495086592, \"peak_reserved_bytes\": 5031067648}\n"}
,{"stream_name":"stdout","time":2655.159106342,"data":"{\"beam_width\": 2097152, \"status\": \"process_exit\", \"returncode\": -9}\n"}
,{"stream_name":"stderr","time":2658.811758319,"data":"/usr/local/lib/python3.12/dist-packages/mistune.py:435: SyntaxWarning: invalid escape sequence '\\|'\n"}
,{"stream_name":"stderr","time":2658.811795448,"data":"  cells[i][c] = re.sub('\\\\\\\\\\|', '|', cell)\n"}
,{"stream_name":"stderr","time":2659.088829822,"data":"/usr/local/lib/python3.12/dist-packages/nbconvert/filters/filter_links.py:36: SyntaxWarning: invalid escape sequence '\\_'\n"}
,{"stream_name":"stderr","time":2659.088852988,"data":"  text = re.sub(r'_', '\\_', text) # Escape underscores in display text\n"}
,{"stream_name":"stderr","time":2660.305252019,"data":"[NbConvertApp] Converting notebook __script__.ipynb to html\n"}
,{"stream_name":"stderr","time":2661.493858934,"data":"[NbConvertApp] Writing 289443 bytes to __results__.html\n"}
]