[{"stream_name":"stdout","time":6.695209005,"data":"     ━━━━━━━━━━━━━━━━━━━━━━━━━━━━━━━━━━━━━━━ 23.7/23.7 MB 199.7 MB/s eta 0:00:00\n"}
,{"stream_name":"stdout","time":6.935309596,"data":"     ━━━━━━━━━━━━━━━━━━━━━━━━━━━━━━━━━━━━━ 897.7/897.7 kB 201.3 MB/s eta 0:00:00\n"}
,{"stream_name":"stdout","time":7.14026013,"data":"     ━━━━━━━━━━━━━━━━━━━━━━━━━━━━━━━━━━━━━━━━ 8.9/8.9 MB 202.6 MB/s eta 0:00:00\n"}
,{"stream_name":"stdout","time":10.379869805,"data":"     ━━━━━━━━━━━━━━━━━━━━━━━━━━━━━━━━━━━━━━ 571.0/571.0 MB 66.5 MB/s eta 0:00:00\n"}
,{"stream_name":"stdout","time":14.439259512,"data":"     ━━━━━━━━━━━━━━━━━━━━━━━━━━━━━━━━━━━━━━ 393.1/393.1 MB 84.5 MB/s eta 0:00:00\n"}
,{"stream_name":"stdout","time":16.855815516,"data":"     ━━━━━━━━━━━━━━━━━━━━━━━━━━━━━━━━━━━━━ 200.2/200.2 MB 113.2 MB/s eta 0:00:00\n"}
,{"stream_name":"stdout","time":17.964164047,"data":"     ━━━━━━━━━━━━━━━━━━━━━━━━━━━━━━━━━━━━━━━ 56.3/56.3 MB 166.8 MB/s eta 0:00:00\n"}
,{"stream_name":"stdout","time":19.015710667,"data":"     ━━━━━━━━━━━━━━━━━━━━━━━━━━━━━━━━━━━━━ 158.2/158.2 MB 131.0 MB/s eta 0:00:00\n"}
,{"stream_name":"stdout","time":20.769104967,"data":"     ━━━━━━━━━━━━━━━━━━━━━━━━━━━━━━━━━━━━━ 216.6/216.6 MB 114.3 MB/s eta 0:00:00\n"}
,{"stream_name":"stdout","time":22.667677779999998,"data":"     ━━━━━━━━━━━━━━━━━━━━━━━━━━━━━━━━━━━━━ 156.8/156.8 MB 116.2 MB/s eta 0:00:00\n"}
,{"stream_name":"stdout","time":24.502138916,"data":"     ━━━━━━━━━━━━━━━━━━━━━━━━━━━━━━━━━━━━━ 201.3/201.3 MB 108.8 MB/s eta 0:00:00\n"}
,{"stream_name":"stdout","time":25.281362538,"data":"     ━━━━━━━━━━━━━━━━━━━━━━━━━━━━━━━━━━━━━━━━ 89.3/89.3 kB 84.3 MB/s eta 0:00:00\n"}
,{"stream_name":"stdout","time":25.520165798,"data":"     ━━━━━━━━━━━━━━━━━━━━━━━━━━━━━━━━━━━━━━━ 19.7/19.7 MB 160.9 MB/s eta 0:00:00\n"}
,{"stream_name":"stdout","time":25.697427432,"data":"     ━━━━━━━━━━━━━━━━━━━━━━━━━━━━━━━━━━━━━━━━ 1.1/1.1 MB 168.5 MB/s eta 0:00:00\n"}
,{"stream_name":"stdout","time":39.068188966,"data":"   ━━━━━━━━━━━━━━━━━━━━━━━━━━━━━━━━━━━━━━━━ 822.0/822.0 MB 1.2 MB/s eta 0:00:00\n"}
,{"stream_name":"stdout","time":40.800602288,"data":"   ━━━━━━━━━━━━━━━━━━━━━━━━━━━━━━━━━━━━━━━━ 155.7/155.7 MB 11.5 MB/s eta 0:00:00\n"}
,{"stream_name":"stdout","time":40.878330345,"data":"   ━━━━━━━━━━━━━━━━━━━━━━━━━━━━━━━━━━━━━━━━ 1.3/1.3 MB 21.5 MB/s eta 0:00:00\n"}
,{"stream_name":"stdout","time":41.007648788,"data":"   ━━━━━━━━━━━━━━━━━━━━━━━━━━━━━━━━━━━━━━━━ 6.3/6.3 MB 55.8 MB/s eta 0:00:00\n"}
,{"stream_name":"stdout","time":41.041616935,"data":"   ━━━━━━━━━━━━━━━━━━━━━━━━━━━━━━━━━━━━━━━━ 44.6/44.6 kB 2.3 MB/s eta 0:00:00\n"}
,{"stream_name":"stdout","time":41.103188674,"data":"   ━━━━━━━━━━━━━━━━━━━━━━━━━━━━━━━━━━━━━━━━ 203.4/203.4 kB 11.6 MB/s eta 0:00:00\n"}
,{"stream_name":"stdout","time":41.143714083,"data":"   ━━━━━━━━━━━━━━━━━━━━━━━━━━━━━━━━━━━━━━━━ 134.9/134.9 kB 6.4 MB/s eta 0:00:00\n"}
,{"stream_name":"stdout","time":41.211422257,"data":"   ━━━━━━━━━━━━━━━━━━━━━━━━━━━━━━━━━━━━━━━━ 2.1/2.1 MB 44.2 MB/s eta 0:00:00\n"}
,{"stream_name":"stdout","time":41.277705989,"data":"   ━━━━━━━━━━━━━━━━━━━━━━━━━━━━━━━━━━━━━━━━ 536.2/536.2 kB 25.3 MB/s eta 0:00:00\n"}
,{"stream_name":"stderr","time":197.293344577,"data":"ERROR: pip's dependency resolver does not currently take into account all the packages that are installed. This behaviour is the source of the following dependency conflicts.\n"}
,{"stream_name":"stderr","time":197.29340608,"data":"bigframes 2.39.0 requires google-cloud-bigquery-storage\u003c3.0.0,\u003e=2.30.0, which is not installed.\n"}
,{"stream_name":"stderr","time":197.293412395,"data":"google-adk 1.29.0 requires google-cloud-bigquery-storage\u003e=2.0.0, which is not installed.\n"}
,{"stream_name":"stderr","time":197.293416351,"data":"google-colab 1.0.0 requires jupyter-server==2.14.0, but you have jupyter-server 2.12.5 which is incompatible.\n"}
,{"stream_name":"stderr","time":197.293420247,"data":"google-colab 1.0.0 requires pandas==2.2.2, but you have pandas 2.3.3 which is incompatible.\n"}
,{"stream_name":"stderr","time":197.29342382,"data":"dopamine-rl 4.1.2 requires gym\u003c=0.25.2, but you have gym 0.26.2 which is incompatible.\n"}
,{"stream_name":"stderr","time":197.293427759,"data":"torchaudio 2.10.0+cu128 requires torch==2.10.0, but you have torch 2.7.1+cu126 which is incompatible.\n"}
,{"stream_name":"stderr","time":197.293431417,"data":"torchvision 0.25.0+cu128 requires torch==2.10.0, but you have torch 2.7.1+cu126 which is incompatible.\n"}
,{"stream_name":"stderr","time":197.293434955,"data":"gcsfs 2025.3.0 requires fsspec==2025.3.0, but you have fsspec 2026.4.0 which is incompatible.\n"}
,{"stream_name":"stdout","time":214.716849335,"data":"Downloading `large` ━━━━━━━━━━━━━━━━━━━━━━━━━━━━━━━━━━━━━━━━ 100% 0:00:00\n"}
,{"stream_name":"stdout","time":867.738722209,"data":"{\"beam_width\": 1703936, \"status\": \"process_exit\", \"returncode\": -9}\n"}
,{"stream_name":"stderr","time":873.474015076,"data":"/usr/local/lib/python3.12/dist-packages/mistune.py:435: SyntaxWarning: invalid escape sequence '\\|'\n"}
,{"stream_name":"stderr","time":873.474057728,"data":"  cells[i][c] = re.sub('\\\\\\\\\\|', '|', cell)\n"}
,{"stream_name":"stderr","time":873.897953787,"data":"/usr/local/lib/python3.12/dist-packages/nbconvert/filters/filter_links.py:36: SyntaxWarning: invalid escape sequence '\\_'\n"}
,{"stream_name":"stderr","time":873.897988064,"data":"  text = re.sub(r'_', '\\_', text) # Escape underscores in display text\n"}
,{"stream_name":"stderr","time":875.849339553,"data":"[NbConvertApp] Converting notebook __script__.ipynb to html\n"}
,{"stream_name":"stderr","time":877.43587957,"data":"[NbConvertApp] Writing 289220 bytes to __results__.html\n"}
]